2025-08-25T22:43:36.121Z - spaceoff03: <@1070602999329722368> 
Par hasard tu a lu la Constitution ?
2025-08-25T22:58:36.179Z - spaceoff03: Yosco Zeltinskiy

Fondateur visionnaire de Monteloria, il a marqué l’histoire de notre nation en tant que ministre de la Défense.
Ami fidèle du premier président Enzo Maurice, il a non seulement contribué à bâtir les fondations de notre pays, mais aussi à protéger son avenir.

Son héritage est celui d’un pionnier, d’un protecteur et d’un homme de cœur, qui a su graver son nom dans l’Histoire… et dans la mémoire de chacun entre nous
2025-08-25T23:05:16.568Z - spaceoff03: Enzo Maurice
Premier Président de Monteloria

Homme d’État et guide visionnaire, Enzo Maurice fut le premier à porter la présidence de Monteloria.
Son rôle fut essentiel dans la consolidation des institutions, la défense des valeurs communes et la représentation de la nation sur la scène internationale.

Aux côtés des autre fondateur de Monteloria, il a su transformer un rêve en réalité et donner au pays son premier souffle démocratique.
Son nom reste à jamais lié à la naissance et à l’histoire de la nation.
2025-08-25T23:10:04.494Z - spaceoff03: Michael Alexis Pavénine
Troisième Fondateur de Monteloria
Ancien Premier Ministre

Figure majeure de l’histoire montelorienne, Michael Alexis Pavénine a marqué son époque par son rôle de Premier Ministre et de bâtisseur visionnaire.
En tant que troisième fondateur, il a contribué à enrichir la nation et à structurer ses fondations politiques et sociales.

Grâce à lui, tous les salons existent aujourd’hui, symboles d’échange, de dialogue et d’unité.
Son héritage demeure celui d’un homme d’action et d’idées, dont l’influence résonne encore dans chaque espace de notre communauté.
2025-08-25T23:10:23.340Z - spaceoff03: <@1070602999329722368> 👋
2025-08-25T23:13:09.351Z - spaceoff03: Arbinger
Quatrième Fondateur de Monteloria
Deuxième Ministre de la Défense

Arbinger fut l’un des piliers silencieux de Monteloria.
Fondateur discret, il a choisi l’ombre plutôt que la lumière, préférant servir dans la modestie plutôt que de rechercher la gloire.

En tant que ministre de la Défense, il assura une sécurité optimale au serveur, veillant sans relâche à la stabilité et à la paix.
Il méritait d’être célébré comme un héros, mais jamais il ne voulut cette reconnaissance.

Son héritage demeure celui d’un gardien fidèle, humble et indispensable, dont la force tranquille a marqué à jamais l’histoire de Monteloria.
2025-08-25T23:13:18.827Z - spaceoff03: <@840985745182425108>
2025-08-25T23:56:18.914Z - spaceoff03: <@&1405905350535942214> <@&1405905402796834939> 
Changement pour le drapeau 

Voici se lui que vous devez coter
2025-08-25T23:58:46.623Z - spaceoff03: 1: sais sans écriture et
2: sais avec
2025-08-26T00:02:43.568Z - euyross: <@912767966700003329> ne m’inclus pas dans tes propos j’ai déjà été victime collatérale en cliponie j’ai pas envie de refaire l’expérience avec le S je suis la par pur envie de découvrir des nations anglophones
2025-08-26T00:03:05.919Z - kim_dong_de: My bad j'enlève
2025-08-26T00:04:36.161Z - euyross: je suis uniquement du côté de la ketonie , ne partez pas du principe que je suis dans votre camps des qu’il y a des emmerde moi je veux juste être tranquille (ce qui est vachement difficile dans ce monde micronational)
2025-08-26T00:05:11.923Z - euyross: d’ailleurs quand tu a proposé d’avoir des interprètes neutre je préférais avoir ce rôle au sein de l’organisation que celui d’un représentant de l’ONV
2025-08-26T00:05:59.120Z - kim_dong_de: Je te met ça
2025-08-26T00:07:34.116Z - euyross: <@912767966700003329> par contre je revient avec le fait qu’il faudrait avoir un moyen de savoir la langue des micronations de manière plus claire sur le serveur
2025-08-26T00:08:32.142Z - euyross: Et je peux traduire ton speech maintenant que je suis plus concernée
2025-08-26T00:45:20.808Z - spaceoff03: Tris est la!!!
2025-08-26T00:46:36.478Z - tollerion: Monteloria
2025-08-26T00:51:04.957Z - spaceoff03: <@&1405905402796834939> 
Je demande au membre qui on pas fait leur identité de le faire avant fin se semaine
Merci!
2025-08-26T01:15:05.373Z - spaceoff03: <@&1405905350535942214> 
📢 Recrutement Modérateur·rice !

Nous recherchons un(e) modérateur·rice pour notre serveur Discord afin de renforcer notre équipe et maintenir une communauté saine et agréable.

Qualités requises :

Fidèle

Sérieux·se

De confiance

Minimum d’expérience


Comment postuler :
Pour postuler, merci de créer un ticket et de nous envoyer un texte d’environ 10 lignes comprenant :

1. Pourquoi tu souhaites rejoindre le staff et tes motivations


2. Ton expérience en modération


3. 2 qualités et 2 défauts



Nous avons hâte de découvrir vos candidatures et de renforcer notre équipe avec des personnes motivées et responsables !


⛔️ 2 MODÉRATEUR SERON PRIS PAS PLUS!⛔️
2025-08-26T07:52:15.928Z - lekaiser_spam: Moi chuis pas bcp actif
2025-08-26T07:52:24.247Z - lekaiser_spam: Att je me charge de quelques adhésions
2025-08-26T07:52:43.798Z - lekaiser_spam: Mais si ça continue, <@912767966700003329> tu devras nommer d'autres admins
2025-08-26T07:59:02.607Z - lekaiser_spam: Non le Ghosting c'est mieux
2025-08-26T07:59:07.291Z - lekaiser_spam: On s'en branle de lui
2025-08-26T08:29:43.966Z - kim_dong_de: J'ai nommer <@1039960875420876840>
2025-08-26T08:31:50.228Z - ranran0536: 
2025-08-26T08:48:53.482Z - hyrei_127_: Mais comment ça ce fait que y’a autant de gens qui parle le mandarin qui rejoigne ce serv ?
2025-08-26T08:49:13.748Z - vanguard_arbinger: parce que les micro nation chinoise sont arrivée
2025-08-26T08:49:41.285Z - lemu321: Il y en a bcp
2025-08-26T08:50:19.570Z - lekaiser_spam: Meilleur choix ever
2025-08-26T08:50:37.617Z - lekaiser_spam: Oui
2025-08-26T08:50:45.260Z - lekaiser_spam: C'est ce qui fait tous notre charme
2025-08-26T09:08:05.177Z - lekaiser_spam: 🍊 | Fédération d'Iznassenie #ⵣ #〘📢〙𝐀𝐧𝐧𝐨𝐧𝐜𝐞𝐬
2025-08-26T09:08:27.548Z - lekaiser_spam: <@1174068330525638680>
2025-08-26T09:09:10.524Z - lekaiser_spam: Représentant de Iznassenie / Representative of Iznassenia : <@1174068330525638680>
2025-08-26T09:21:10.116Z - kim_dong_de: Oep
2025-08-26T09:27:11.806Z - lekaiser_spam: <@912767966700003329>
2025-08-26T09:27:26.628Z - lekaiser_spam: 👍
2025-08-26T09:27:29.215Z - kim_dong_de: Vu tkt
2025-08-26T09:27:40.264Z - lekaiser_spam: T'as vu il est vrm con
2025-08-26T09:27:47.499Z - kim_dong_de: Stan a pas d'arguments dcp il insulte
2025-08-26T09:28:00.862Z - kim_dong_de: Always have been
2025-08-26T09:28:04.416Z - lekaiser_spam: Et il diffame/Raid des wiki
2025-08-26T09:28:29.355Z - kim_dong_de: Oep je trouve ça dégueulasse
2025-08-26T09:28:34.291Z - kim_dong_de: On passe du temps
2025-08-26T09:28:53.527Z - lekaiser_spam: C'est de la destruction de propriété intellectuelle donc illégal
2025-08-26T09:28:54.482Z - kim_dong_de: Enfin lui n'en saurai pas capable étant donné qu'il sait que détruire
2025-08-26T09:29:12.778Z - lekaiser_spam: Et plagier/copier les idées des autres
2025-08-26T09:29:16.747Z - kim_dong_de: Oep de toute face chaque truc que je retape je screen et je transmets a basto
2025-08-26T09:29:24.135Z - kim_dong_de: Oep voilà
2025-08-26T09:29:29.427Z - lekaiser_spam: Ouep on en parle avec Basto
2025-08-26T09:29:40.641Z - lekaiser_spam: Bientôt j'aurais contact des flics
2025-08-26T09:29:51.601Z - lekaiser_spam: Comme ça je pourrais transmettre des infos supplémentaire
2025-08-26T09:29:58.375Z - kim_dong_de: Nice
2025-08-26T09:30:19.657Z - lekaiser_spam: Car bon Basto n'est pas seul à avoir subit des Diffamations et des insultes
2025-08-26T09:30:24.965Z - lekaiser_spam: 👍
2025-08-26T09:30:36.391Z - kim_dong_de: Oep mdrr
2025-08-26T09:30:47.041Z - kim_dong_de: Vrm désolant
2025-08-26T09:31:52.839Z - lekaiser_spam: Oui
2025-08-26T09:32:06.617Z - lekaiser_spam: Askip je suis cyberharceleur et un Imam
2025-08-26T09:32:09.469Z - lekaiser_spam: 🙏
2025-08-26T09:32:20.786Z - lekaiser_spam: Dit-il face à un chrétien Catholique
2025-08-26T09:41:47.173Z - spaceoff03: <@&1405903122827706549> petit rapel sa fini à 30h se soir!
2025-08-26T09:44:59.792Z - pepsolenel: Où est la ville d'Orion exactement
2025-08-26T09:53:19.935Z - spaceoff03: <@840985745182425108> maskassou est en surveillance
2025-08-26T09:53:31.804Z - vanguard_arbinger: oui
2025-08-26T09:53:44.128Z - spaceoff03: Je vien de le mettre👍
2025-08-26T09:53:46.093Z - vanguard_arbinger: nope il est en banlist
2025-08-26T09:53:52.078Z - vanguard_arbinger: donc inutile
2025-08-26T09:54:02.847Z - spaceoff03: Bas il est dans le serveur
2025-08-26T09:54:23.573Z - spaceoff03: <@840985745182425108>
2025-08-26T09:55:11.757Z - spaceoff03: Mais laisse
2025-08-26T09:55:27.723Z - spaceoff03: Il aura une récompense car sais lui qui a alerte que sa voulais raid
2025-08-26T09:55:47.095Z - pepsolenel: Par rapport à gasparland
2025-08-26T09:57:43.082Z - pepsolenel: j'aurais besoin d'une carte des deux villes
2025-08-26T09:58:14.678Z - jiv_28: Ah mince
2025-08-26T10:01:03.224Z - spaceoff03: # 🌟 Bienvenue dans l'Empire Galléonnien ! 🌟

Unissez-vous à **l'Empire Galléonnien**, un serveur dynamique où politique, gaming et liberté créative se rencontrent ! Découvrez nos principales catégories :

---

🗳️ **Politique Participative**  
Tous les **2 mois**, notre communauté élit un **Président**, des **Ministres** et des **Députés** pour diriger et faire évoluer notre serveur à travers des lois uniques !  
*(Pour assurer la stabilité, l'Empereur et le Chef Territorial occupent des postes fixes — ce sont nos modérateurs.)*

---

🎮 **Gaming pour Tous**  
Notre serveur place le **gaming** au cœur de l'expérience !  
Grâce aux idées et votes de la communauté, nous créons des salons vocaux et textuels dédiés à vos jeux préférés — comme **Minecraft** et bien d'autres.  
Tu veux ton salon pour ton jeu préféré ? Propose-le !

---

💰 **Zone Money - Gagne et Dépense !**  
Gagne de l'argent virtuel avec les commandes `!work`, `!collect` et plus encore !  
Utilise ton argent pour :
- Tenter ta chance au **Blackjack**, à la **Roulette**...
- Acheter des ressources dans nos jeux (ex : **boutique Minecraft** : blocs, items rares, etc.)
- Échanger, vendre ou collectionner !

---

💡 **Un Serveur à Ton Image !**  
L'Empire Galléonnien est évolutif : **propose toutes tes idées**, et nous les réaliserons pour rendre ton aventure unique.  
Ici, **chaque membre compte**, et vos rêves prennent vie !

---

## 🎉 Rejoins l'aventure maintenant :  
🔗 https://discord.gg/8mwnvYsvPQ

🎬 Petite ambiance :  https://tenor.com/view/france-french-waterloo-napoleonic-gif-25479984

---

**Bienvenue dans l'Empire Galléonnien, où la gloire vous attend !** 🏰
2025-09-05T13:14:46.950Z - vanguard_arbinger: test
2025-09-05T13:26:51.342Z - spaceoff03: Test
2025-09-05T13:57:28.876Z - liza2_72: Nice
2025-09-05T14:10:20.518Z - wilson.jbis_81187: La Marine et la croix rouge listenbourgeoise vient de m'informer qu'un incident a eu lieu récemment dans une zone frontalière d'une colonie israélienne. Des tirs visant une ambulance de la croix rouge listenbourgeoise ont eu lieu. Les services du renseignement travaillent durement afin de définir d'où venait les tirs. Si les tirs provenait d'une organisation gouvernementale israélienne, cela serait une grave provocation, et un acte de guerre.
2025-09-05T15:31:29.459Z - majusculep.pavulam.3436: Oh stylé
2025-09-05T15:48:31.257Z - phenyklendae: Je vous envoi la suite, j'ai pas ou trop avancé j'ai fait dodo encore 😭
2025-09-05T15:50:15.376Z - phenyklendae: Sinon le gdoc avance comment ?
2025-09-05T15:50:29.671Z - kurapika3365: Alors moi j'ai une excuse
2025-09-05T15:50:34.065Z - kurapika3365: SILKSONG
2025-09-05T15:50:41.480Z - kurapika3365: Nan en vrai
2025-09-05T15:52:10.039Z - kurapika3365: Ce serait bien une planète désertique...?
2025-09-05T15:52:20.781Z - majusculep.pavulam.3436: Samedi, j'étais avec des potes
Dimanche, j'étais avec des potes
Lundi, j'étais avec des potes
Mardi, j'étais avec des potes
Mercredi... Merde j'ai pas d'excuse
Jeudi, je fais du 8h-18h
Vendredi, je fais du 8h-17h et puis j'ai un train...
Samedi, je suis sur l'île d'Aix
Dimanche... JE BOSSE !
2025-09-05T15:52:49.630Z - majusculep.pavulam.3436: Après je vais faire ça dans le train aussi mdr
2025-09-05T15:52:53.635Z - phenyklendae: Trkl.
2025-09-05T15:52:58.344Z - kurapika3365: Une autre SOUS L'OCÉAN
2025-09-05T15:53:08.797Z - majusculep.pavulam.3436: C'est clair !
2025-09-05T15:53:09.397Z - phenyklendae: Ah...😅
2025-09-05T15:53:18.364Z - majusculep.pavulam.3436: On en a une un peu comme ça nan ?
2025-09-05T15:53:22.826Z - kurapika3365: Non
2025-09-05T15:53:27.388Z - kurapika3365: Mais la
2025-09-05T15:53:32.222Z - kurapika3365: SOUS L'OCEAN
2025-09-05T15:53:48.084Z - kurapika3365: Et on rentre tout de suite dans les Abysses...
2025-09-05T16:03:41.317Z - majusculep.pavulam.3436: Oh j'ai la vision
2025-09-05T16:03:47.590Z - majusculep.pavulam.3436: Un génie tu es
2025-09-05T18:54:47.173Z - ramiel_777938: <@912767966700003329> ou <@1395746373139431565>
2025-09-05T19:06:06.258Z - nathounax: 
2025-09-05T19:07:15.868Z - ramiel_777938: <@1336384749874315418> <#1406886954401927188>
2025-09-05T19:07:24.439Z - ramiel_777938: <@912767966700003329> <@1395746373139431565>
2025-09-05T19:10:20.757Z - ramiel_777938: Bienvenue
2025-09-05T19:10:28.290Z - nathounax: Oui je suis là
2025-09-05T19:10:39.274Z - ramiel_777938: Fais un nouveau post dans <#1406886954401927188> avec le formulaire
2025-09-05T19:15:11.500Z - ramiel_777938: <@1336384749874315418> t'es toujours là BG ?
2025-09-05T19:15:19.992Z - nathounax: Oui oui
2025-09-05T19:16:59.969Z - ramiel_777938: Ok super
2025-09-05T19:33:24.951Z - kim_dong_de: https://tenor.com/view/sparkles-and-champagne-sparklesandchampagne-opto_edge-gif-25486986
2025-09-05T19:37:47.250Z - kim_dong_de: Wee ?
2025-09-05T19:38:16.536Z - ramiel_777938: Bah en fait le problème va être réglé bientôt mais on a besoin de votre coopération
2025-09-05T19:38:22.467Z - ramiel_777938: Pour les peacekeepers notamment
2025-09-05T19:39:30.185Z - ramiel_777938: <@1336384749874315418> 
Tu vas remplir le formulaire dans https://discord.com/channels/1137477774907543692/1407643019590500382 et le poster dans un nouveau post dans <#1406886954401927188>
2025-09-05T19:39:38.431Z - nathounax: Oui ?
2025-09-05T19:39:41.724Z - nathounax: Ou ?
2025-09-05T19:39:53.373Z - ramiel_777938: Clique sur les liens bleus
2025-09-05T19:41:22.634Z - kim_dong_de: Vous voulez des Peacekeepers où ?
2025-09-05T19:41:36.309Z - ramiel_777938: À Serenia
2025-09-05T19:42:26.134Z - nathounax: Empreur Serenia (NATHOUNAX) ma micronation c’est Serenia et le liens c sa
2025-09-05T19:45:12.325Z - kim_dong_de: Faut que ce soit l'état qui fasse la demande
2025-09-05T19:45:29.369Z - ramiel_777938: <@912767966700003329>
2025-09-05T19:45:40.524Z - kim_dong_de: Cree une page
2025-09-05T19:45:45.941Z - kim_dong_de: Enfin un forum
2025-09-05T19:45:51.778Z - kim_dong_de: Tas capter
2025-09-05T19:47:50.435Z - kim_dong_de: <@1336384749874315418>
2025-09-05T19:47:56.965Z - nathounax: Oui ?
2025-09-05T19:49:05.822Z - kim_dong_de: Envoie le lien
2025-09-05T19:49:25.248Z - ramiel_777938: Oui
2025-09-05T19:50:00.154Z - nathounax: https://discord.gg/AzSpm22y
2025-09-05T19:50:35.227Z - kim_dong_de: Donc stan a des infos sur toi
2025-09-05T19:50:41.414Z - nathounax: Oui
2025-09-05T19:50:49.197Z - nathounax: Il me tiens par les couilles
2025-09-05T19:51:14.867Z - kim_dong_de: Dit moi les infos qu'il a sur toi en mp
2025-09-05T20:17:49.087Z - ramiel_777938: Empreur Serenia (NATHOUNAX) ma micronation c’est Serenia et le liens c sa
2025-09-05T20:18:13.865Z - ramiel_777938: https://discord.gg/p85NqtUNQ3
2025-09-05T20:18:17.574Z - ramiel_777938: <@912767966700003329>
2025-09-05T20:18:21.481Z - ramiel_777938: <@1336384749874315418>
2025-09-05T20:18:39.498Z - kim_dong_de: Hm
2025-09-05T20:19:04.361Z - ramiel_777938: Le "RP" en vrai jsp ce qu'il veut faire
2025-09-05T20:19:42.904Z - kim_dong_de: Pk c'est pas lui qui fait la demande
2025-09-05T20:20:01.803Z - ramiel_777938: Il a fait la demande dans l'autre salon
2025-09-05T20:21:28.705Z - kim_dong_de: C'est lui de le faire
2025-09-05T20:21:46.705Z - ramiel_777938: Att il se passe un truc hyper bizarre à Serenia
2025-09-05T20:21:56.152Z - ramiel_777938: Les perms changent toutes seules
2025-09-05T20:21:56.634Z - kim_dong_de: Hm ?
2025-09-05T20:22:06.162Z - kim_dong_de: Envoie des screens
2025-09-05T20:22:28.048Z - ramiel_777938: Jsp c'est à eux qu'il faut demander je vois pas
2025-09-05T20:23:01.041Z - kim_dong_de: Il rep pas
2025-09-05T20:23:17.922Z - nathounax: Je suis là
2025-09-05T20:23:24.012Z - nathounax: Je suis là
2025-09-05T20:24:00.655Z - kim_dong_de: Répond en mp
2025-09-05T20:24:12.223Z - ramiel_777938: Oui oui ils vont le faire tkt
2025-09-05T20:26:42.275Z - liza2_72: C'est à Nathounax de faire le forum et pas a toi Alexandre
2025-09-05T20:26:55.068Z - ramiel_777938: Il y a un giga problème
2025-09-05T20:27:29.148Z - liza2_72: Comme si c'était pas déjà le cas finalement
2025-09-05T20:27:58.971Z - ramiel_777938: Non un problème sur son serveur
2025-09-05T20:28:16.786Z - ramiel_777938: Il pouvait plus rien modifier et les perms changeaient ttes seules apparemment
2025-09-05T20:29:14.562Z - liza2_72: 1. Sa peut etre un bug
2. Il veut rejoindre l'ONV alors que le serveur est en bug ? La logique svp
2025-09-05T20:29:36.453Z - liza2_72: Ensuite c'est toi qui fait le questionnaire et pas lui donc bon
2025-09-05T20:29:37.787Z - ramiel_777938: https://cdn.discordapp.com/attachments/1413577472615645264/1413621499251916882/Screenshot_20250905_222228_Discord.jpg?ex=68bc991d&is=68bb479d&hm=e755bd29f43332cea8ec44f7dbfb8907a6053db73c3825cee2803ad92e4547a9&

..
2025-09-05T20:29:44.597Z - ramiel_777938: Il l'a fait avant
2025-09-05T20:29:54.979Z - ramiel_777938: J'ai juste copié son message
2025-09-05T20:30:29.691Z - liza2_72: Raison invalide
2025-09-05T20:30:38.218Z - liza2_72: Il y a une organisation à respecter
2025-09-05T20:31:27.065Z - liza2_72: Et tu veux qu'on soit en lien avec une personne aussi irrespectieuse 🗿
2025-09-05T20:31:53.282Z - liza2_72: D'autant plus que cette même personne ne daigne pas repondre a mes dm
2025-09-05T20:31:55.087Z - ramiel_777938: Oui bah là je pense il faut le ghost
2025-09-05T20:31:57.231Z - liza2_72: Ni même parler ici
2025-09-05T20:32:01.806Z - liza2_72: C'est bizatre aussi
2025-09-05T20:32:08.992Z - kim_dong_de: Yess
2025-09-05T20:32:37.168Z - liza2_72: Le ghost ? Mdrrr tu veux juste vesqui l'aide que tu lui dois pour le raid inappropriée
2025-09-05T20:33:40.451Z - ramiel_777938: Bah il fait que retourner sa veste
2025-09-05T20:34:17.610Z - liza2_72: T'es pas en mesure de te plaindre et de juger
2025-09-05T20:34:59.008Z - ramiel_777938: Juste
2025-09-05T20:35:02.064Z - ramiel_777938: Je suis désorienté
2025-09-05T20:35:17.306Z - ramiel_777938: C'est n'importe quoi cette histoire
2025-09-05T20:35:35.717Z - nathounax: Je peux vous aidez à l’espionner ?
2025-09-05T20:37:58.842Z - kim_dong_de: Hein ?
2025-09-05T20:50:54.970Z - kim_dong_de: Je vais pas te mentir que c'est très relou l'histoire
2025-09-05T21:01:34.795Z - liza2_72: Reponds déjà en mp avant de la ramener ici pour dire des choses illogique
2025-09-05T21:08:02.933Z - ramiel_777938: Très effectivement
2025-09-05T21:44:56.927Z - liza2_72: # __candidature mise en pause. Raison: relations diplomatiques et explications ambigues__
2025-09-05T22:48:28.164Z - banane_fr5: Bonjour tout le monde
2025-09-05T22:48:38.669Z - banane_fr5: !!collect
2025-09-05T22:49:25.620Z - banane_fr5: Yeah
2025-09-06T04:18:14.962Z - pppc23n: Should we have a joint meeting next time?
2025-09-06T06:53:07.335Z - gaby77777777777: Je viens de crée une langue pour ma nation
2025-09-06T07:29:08.796Z - jiv_28: Merki
2025-09-06T07:46:21.464Z - .doomsterling: 
2025-09-06T07:54:04.020Z - jiv_28: 
2025-09-06T07:59:37.996Z - lekaiser_spam: Oh ! Montre nous donc
2025-09-06T08:02:08.446Z - gaby77777777777: Tada
2025-09-06T08:02:20.918Z - lekaiser_spam: Oh c'est beau
2025-09-06T08:02:58.528Z - gaby77777777777: Merci
2025-09-06T09:08:38.337Z - yosco.zeltinskiy: !!collect
2025-09-06T09:30:45.654Z - wilhelm.wong: <:goldennega:1137853827802992674>
2025-09-06T09:42:14.393Z - liza2_72: Oh waaaa
2025-09-06T09:42:24.737Z - liza2_72: Sa me fait pensé aux langues anciennes
2025-09-06T09:49:04.795Z - gaby77777777777: Oui comme le latin
2025-09-06T09:52:58.009Z - liza2_72: Uii
2025-09-06T10:36:33.700Z - ebrithilar_elda: Samedi hollow knight
Dimanche hollow knight
Lundi hollow knight
Mardi rentrée
Mercredi hollow knight 
Jeudi hollow knight
Vendredi Silksong
Samedi Silksong
Dimanche Silksong
2025-09-06T10:36:42.861Z - ebrithilar_elda: Donc pas dispo
2025-09-06T10:36:50.425Z - majusculep.pavulam.3436: Ptdrr
2025-09-06T10:36:57.264Z - majusculep.pavulam.3436: Compréhensible
2025-09-06T11:50:56.528Z - lolowapk: 
2025-09-06T12:04:03.433Z - phenyklendae: Alphabet du Gameplay manque ducoup que n
2025-09-06T12:08:06.840Z - phenyklendae: Ceux en gras sont ceux que l’ont peut utiliser que tout les 2 combats.
2025-09-06T12:09:03.185Z - phenyklendae: *l’AoE vaut 12 points. Donc 5 stars = 12 points en AoE
2025-09-06T12:10:20.333Z - phenyklendae: 
2025-09-06T12:30:29.182Z - chaussettesshow: 
2025-09-06T12:59:42.447Z - wawan_dgad: On a (encore) changés jsuis vraiment désolé 😭
2025-09-06T12:59:56.232Z - wawan_dgad: Jsp si il est déjà là mais Jack remplace Shyne
2025-09-06T13:01:21.272Z - jackynette: 
2025-09-06T13:14:32.205Z - jackynette: Bonjour
2025-09-06T13:14:49.108Z - jackynette: Je suis le nouveau fonda temporaire de wawangayme
2025-09-06T13:18:29.136Z - jiv_28: !!top
2025-09-06T13:18:44.392Z - jiv_28: !!collect
2025-09-06T13:22:07.790Z - gredetforge2: !!collet
2025-09-06T13:22:09.829Z - gredetforge2: !!collect
2025-09-06T13:45:03.499Z - yosco.zeltinskiy: !!collect
2025-09-06T13:55:22.130Z - liza2_72: C'est quoi son profil ?
2025-09-06T13:55:43.348Z - liza2_72: D'acc, je met tes roles
2025-09-06T13:57:01.637Z - liza2_72: Changement effectué
2025-09-06T14:07:17.217Z - spaceoff03: 📢 Official Announcement from Monteloria

The Nation of Monteloria is proud to announce its intention to expand and strengthen its presence on the micronational stage.

In this spirit, we are seeking new micronations interested in establishing with us:
🤝 Embassies
📜 Partnerships
⚔️ Alliances

Our goal is to build a strong diplomatic network based on mutual respect, cooperation, and friendship between nations.

👉 If your micronation is interested, we invite you to contact the Montelorian government to discuss possible ways of collaboration.

Together, let us build a prosperous future for our nations!

Long live Monteloria! 


📢 Annonce Officielle de Monteloria

La Nation de Monteloria a l’honneur d’annoncer sa volonté de s’agrandir et de renforcer sa présence sur la scène micronationale.

Dans cet esprit, nous sommes à la recherche de nouvelles micronations souhaitant établir avec nous :
🤝 Ambassades
📜 Partenariats
⚔️ Alliances

Notre objectif est de développer un réseau diplomatique solide, fondé sur le respect mutuel, la coopération et l’amitié entre nations.

👉 Si votre micronation est intéressée, nous vous invitons à prendre contact avec le gouvernement montelorien afin de discuter des modalités de coopération.

Ensemble, bâtissons un avenir prospère pour nos nations !

Vive Monteloria !
2025-09-06T15:32:22.887Z - jackynette: Nickel merci
2025-09-06T15:32:30.858Z - liza2_72: De rien
2025-09-06T15:34:42.959Z - spaceoff03: https://discord.gg/xFdSfyczEB
